
> playwrighttask@1.0.0 test
> playwright test tests/bookstore.spec.ts


Running 1 test using 1 worker

[1A[2K[1/1] [chromium] ΓÇ║ tests\bookstore.spec.ts:9:5 ΓÇ║ Books Store - Search and Export Book Details
[1A[2K[chromium] ΓÇ║ tests\bookstore.spec.ts:9:5 ΓÇ║ Books Store - Search and Export Book Details
Γ£ô Navigated to demoqa.com

[1A[2KΓ£ô Navigated to Books Store Application

[1A[2KΓ£ô Clicked Login button

[1A[2K  1) [chromium] ΓÇ║ tests\bookstore.spec.ts:9:5 ΓÇ║ Books Store - Search and Export Book Details ΓöÇΓöÇΓöÇΓöÇΓöÇΓöÇΓöÇ

    [31mTest timeout of 30000ms exceeded.[39m

    Error: page.fill: Test timeout of 30000ms exceeded.
    Call log:
    [2m  - waiting for locator('input[placeholder="Enter your user name."]')[22m


      26 |
      27 |   // Step 4: Login using provided credentials
    > 28 |   await page.fill('input[placeholder="Enter your user name."]', TEST_USER_EMAIL);
         |              ^
      29 |   await page.fill('input[placeholder="Enter your password"]', TEST_USER_PASSWORD);
      30 |   await page.click('button:has-text("Login")');
      31 |   
        at D:\PlaywrightTask\tests\bookstore.spec.ts:28:14

    Error Context: test-results\bookstore-Books-Store---Search-and-Export-Book-Details-chromium\error-context.md


[1A[2K  1 failed
    [chromium] ΓÇ║ tests\bookstore.spec.ts:9:5 ΓÇ║ Books Store - Search and Export Book Details ΓöÇΓöÇΓöÇΓöÇΓöÇΓöÇΓöÇΓöÇ

[36m  Serving HTML report at http://localhost:56482. Press Ctrl+C to quit.[39m
